import{proxyCustomElement as e,HTMLElement as t,h as a,transformTag as o}from"@stencil/core/internal/client";import{s as i,x as r,a as n,_ as l,e as s,n as d,m as c,i as p,l as v,A as h}from"./delegate.js";import"./ripple.js";import{i as b,d as f}from"./form-label-activation.js";import{i as m,m as u,a as g}from"./form-associated.js";
/**
 * @license
 * Copyright 2022 Google LLC
 * SPDX-License-Identifier: Apache-2.0
 */class _ extends i{connectedCallback(){super.connectedCallback(),this.setAttribute("aria-hidden","true")}render(){return r`<span class="shadow"></span>`}}
/**
 * @license
 * Copyright 2026 Google LLC
 * SPDX-License-Identifier: Apache-2.0
 */const y=n`:host,.shadow,.shadow::before,.shadow::after{border-radius:inherit;inset:0;position:absolute;transition-duration:inherit;transition-property:inherit;transition-timing-function:inherit}:host{display:flex;pointer-events:none;transition-property:box-shadow,opacity}.shadow::before,.shadow::after{content:"";transition-property:box-shadow,opacity;--_level: var(--md-elevation-level, 0);--_shadow-color: var(--md-elevation-shadow-color, var(--md-sys-color-shadow, #000))}.shadow::before{box-shadow:0px calc(1px*(clamp(0,var(--_level),1) + clamp(0,var(--_level) - 3,1) + 2*clamp(0,var(--_level) - 4,1))) calc(1px*(2*clamp(0,var(--_level),1) + clamp(0,var(--_level) - 2,1) + clamp(0,var(--_level) - 4,1))) 0px var(--_shadow-color);opacity:.3}.shadow::after{box-shadow:0px calc(1px*(clamp(0,var(--_level),1) + clamp(0,var(--_level) - 1,1) + 2*clamp(0,var(--_level) - 2,3))) calc(1px*(3*clamp(0,var(--_level),2) + 2*clamp(0,var(--_level) - 2,3))) calc(1px*(clamp(0,var(--_level),4) + 2*clamp(0,var(--_level) - 4,1))) var(--_shadow-color);opacity:.15}
`
/**
 * @license
 * Copyright 2022 Google LLC
 * SPDX-License-Identifier: Apache-2.0
 */;let x=class extends _{};x.styles=[y],x=l([s("md-elevation")],x);
/**
 * @license
 * Copyright 2023 Google LLC
 * SPDX-License-Identifier: Apache-2.0
 */
const w=Symbol("dispatchHooks"),k=new WeakMap,$=c(
/**
 * @license
 * Copyright 2023 Google LLC
 * SPDX-License-Identifier: Apache-2.0
 */
function(e){class t extends e{get name(){return this.getAttribute("name")??""}set name(e){this.setAttribute("name",e)}constructor(...e){super(...e),this.type="submit",this.value="",function(e,...t){let a=k.get(e);a||(a=new Set,k.set(e,a));for(const o of t)a.has(o)||(e.addEventListener(o,(e=>{const t=new EventTarget;e[w]=t;const a=new AbortController,i=()=>{a.abort(),t.dispatchEvent(new Event("after"))},r=e=>function(){e.call(this),i()};e.stopPropagation=r(e.stopPropagation),e.stopImmediatePropagation=r(e.stopImmediatePropagation);const n=e.composedPath();let l;l=e.composed&&e.bubbles?n[n.length-1]:e.bubbles?n[0].getRootNode():n[0],l.addEventListener(o,(()=>{i()}),{once:!0,signal:a.signal})}),{capture:!0}),a.add(o))}(this,"click"),this.addEventListener("click",(async e=>{const t="reset"===this.type,a="submit"===this.type,o=this[m],{form:i}=o;i&&(a||t)&&function(e,t){const a=e[w];if(!a)throw Error(`'${e.type}' event needs setupDispatchHooks().`);a.addEventListener("after",t,{once:!0})}(e,(()=>{e.defaultPrevented||(t?i.reset():(i.addEventListener("submit",(e=>{Object.defineProperty(e,"submitter",{configurable:!0,enumerable:!0,get:()=>this})}),{capture:!0,once:!0}),o.setFormValue(this.value),i.requestSubmit()))}))}))}}return l([d()],t.prototype,"type",void 0),l([d({reflect:!0})],t.prototype,"value",void 0),t}
/**
 * @license
 * Copyright 2019 Google LLC
 * SPDX-License-Identifier: Apache-2.0
 */(u(g(i))));class z extends ${constructor(){super(),this.softDisabled=!1,this.href="",this.download="",this.target="",this.trailingIcon=!1,this.hasIcon=!1,this.addEventListener("click",this.handleClick.bind(this))}focus(){this.buttonElement?.focus()}blur(){this.buttonElement?.blur()}render(){const e=this.disabled||this.softDisabled,t=this.href?this.renderLink():this.renderButton(),a=this.href?"link":"button";return r`
      ${this.renderElevationOrOutline?.()}
      <div class="background"></div>
      <md-focus-ring part="focus-ring" for=${a}></md-focus-ring>
      <md-ripple
        part="ripple"
        for=${a}
        ?disabled="${e}"></md-ripple>
      ${t}
    `}renderButton(){const{ariaLabel:e,ariaHasPopup:t,ariaExpanded:a}=this;return r`<button
      id="button"
      class="button"
      ?disabled=${this.disabled}
      aria-disabled=${this.softDisabled||h}
      aria-label="${e||h}"
      aria-haspopup="${t||h}"
      aria-expanded="${a||h}">
      ${this.renderContent()}
    </button>`}renderLink(){const{ariaLabel:e,ariaHasPopup:t,ariaExpanded:a}=this;return r`<a
      id="link"
      class="button"
      aria-label="${e||h}"
      aria-haspopup="${t||h}"
      aria-expanded="${a||h}"
      aria-disabled=${this.disabled||this.softDisabled||h}
      tabindex="${this.disabled&&!this.softDisabled?-1:h}"
      href=${this.href}
      download=${this.download||h}
      target=${this.target||h}
      >${this.renderContent()}
    </a>`}renderContent(){const e=r`<slot
      name="icon"
      @slotchange="${this.handleSlotChange}"></slot>`;return r`
      <span class="touch"></span>
      ${this.trailingIcon?h:e}
      <span class="label"><slot></slot></span>
      ${this.trailingIcon?e:h}
    `}handleClick(e){if(this.softDisabled||this.disabled&&this.href)return e.stopImmediatePropagation(),void e.preventDefault();b(e)&&this.buttonElement&&(this.focus(),f(this.buttonElement))}handleSlotChange(){this.hasIcon=this.assignedIcons.length>0}}z.shadowRootOptions={mode:"open",delegatesFocus:!0},l([d({type:Boolean,attribute:"soft-disabled",reflect:!0})],z.prototype,"softDisabled",void 0),l([d()],z.prototype,"href",void 0),l([d()],z.prototype,"download",void 0),l([d()],z.prototype,"target",void 0),l([d({type:Boolean,attribute:"trailing-icon",reflect:!0})],z.prototype,"trailingIcon",void 0),l([d({type:Boolean,attribute:"has-icon",reflect:!0})],z.prototype,"hasIcon",void 0),l([p(".button")],z.prototype,"buttonElement",void 0),l([v({slot:"icon",flatten:!0})],z.prototype,"assignedIcons",void 0);
/**
 * @license
 * Copyright 2021 Google LLC
 * SPDX-License-Identifier: Apache-2.0
 */
class E extends z{renderElevationOrOutline(){return r`<md-elevation part="elevation"></md-elevation>`}}
/**
 * @license
 * Copyright 2026 Google LLC
 * SPDX-License-Identifier: Apache-2.0
 */const j=n`:host{--_container-color: var(--md-filled-button-container-color, var(--md-sys-color-primary, #6750a4));--_container-elevation: var(--md-filled-button-container-elevation, 0);--_container-height: var(--md-filled-button-container-height, 40px);--_container-shadow-color: var(--md-filled-button-container-shadow-color, var(--md-sys-color-shadow, #000));--_disabled-container-color: var(--md-filled-button-disabled-container-color, var(--md-sys-color-on-surface, #1d1b20));--_disabled-container-elevation: var(--md-filled-button-disabled-container-elevation, 0);--_disabled-container-opacity: var(--md-filled-button-disabled-container-opacity, 0.12);--_disabled-label-text-color: var(--md-filled-button-disabled-label-text-color, var(--md-sys-color-on-surface, #1d1b20));--_disabled-label-text-opacity: var(--md-filled-button-disabled-label-text-opacity, 0.38);--_focus-container-elevation: var(--md-filled-button-focus-container-elevation, 0);--_focus-label-text-color: var(--md-filled-button-focus-label-text-color, var(--md-sys-color-on-primary, #fff));--_hover-container-elevation: var(--md-filled-button-hover-container-elevation, 1);--_hover-label-text-color: var(--md-filled-button-hover-label-text-color, var(--md-sys-color-on-primary, #fff));--_hover-state-layer-color: var(--md-filled-button-hover-state-layer-color, var(--md-sys-color-on-primary, #fff));--_hover-state-layer-opacity: var(--md-filled-button-hover-state-layer-opacity, 0.08);--_label-text-color: var(--md-filled-button-label-text-color, var(--md-sys-color-on-primary, #fff));--_label-text-font: var(--md-filled-button-label-text-font, var(--md-sys-typescale-label-large-font, var(--md-ref-typeface-plain, Roboto)));--_label-text-line-height: var(--md-filled-button-label-text-line-height, var(--md-sys-typescale-label-large-line-height, 1.25rem));--_label-text-size: var(--md-filled-button-label-text-size, var(--md-sys-typescale-label-large-size, 0.875rem));--_label-text-weight: var(--md-filled-button-label-text-weight, var(--md-sys-typescale-label-large-weight, var(--md-ref-typeface-weight-medium, 500)));--_pressed-container-elevation: var(--md-filled-button-pressed-container-elevation, 0);--_pressed-label-text-color: var(--md-filled-button-pressed-label-text-color, var(--md-sys-color-on-primary, #fff));--_pressed-state-layer-color: var(--md-filled-button-pressed-state-layer-color, var(--md-sys-color-on-primary, #fff));--_pressed-state-layer-opacity: var(--md-filled-button-pressed-state-layer-opacity, 0.12);--_disabled-icon-color: var(--md-filled-button-disabled-icon-color, var(--md-sys-color-on-surface, #1d1b20));--_disabled-icon-opacity: var(--md-filled-button-disabled-icon-opacity, 0.38);--_focus-icon-color: var(--md-filled-button-focus-icon-color, var(--md-sys-color-on-primary, #fff));--_hover-icon-color: var(--md-filled-button-hover-icon-color, var(--md-sys-color-on-primary, #fff));--_icon-color: var(--md-filled-button-icon-color, var(--md-sys-color-on-primary, #fff));--_icon-size: var(--md-filled-button-icon-size, 18px);--_pressed-icon-color: var(--md-filled-button-pressed-icon-color, var(--md-sys-color-on-primary, #fff));--_container-shape-start-start: var(--md-filled-button-container-shape-start-start, var(--md-filled-button-container-shape, var(--md-sys-shape-corner-full, 9999px)));--_container-shape-start-end: var(--md-filled-button-container-shape-start-end, var(--md-filled-button-container-shape, var(--md-sys-shape-corner-full, 9999px)));--_container-shape-end-end: var(--md-filled-button-container-shape-end-end, var(--md-filled-button-container-shape, var(--md-sys-shape-corner-full, 9999px)));--_container-shape-end-start: var(--md-filled-button-container-shape-end-start, var(--md-filled-button-container-shape, var(--md-sys-shape-corner-full, 9999px)));--_leading-space: var(--md-filled-button-leading-space, 24px);--_trailing-space: var(--md-filled-button-trailing-space, 24px);--_with-leading-icon-leading-space: var(--md-filled-button-with-leading-icon-leading-space, 16px);--_with-leading-icon-trailing-space: var(--md-filled-button-with-leading-icon-trailing-space, 24px);--_with-trailing-icon-leading-space: var(--md-filled-button-with-trailing-icon-leading-space, 24px);--_with-trailing-icon-trailing-space: var(--md-filled-button-with-trailing-icon-trailing-space, 16px)}
`,C=n`md-elevation{transition-duration:280ms}:host(:is([disabled],[soft-disabled])) md-elevation{transition:none}md-elevation{--md-elevation-level: var(--_container-elevation);--md-elevation-shadow-color: var(--_container-shadow-color)}:host(:focus-within) md-elevation{--md-elevation-level: var(--_focus-container-elevation)}:host(:hover) md-elevation{--md-elevation-level: var(--_hover-container-elevation)}:host(:active) md-elevation{--md-elevation-level: var(--_pressed-container-elevation)}:host(:is([disabled],[soft-disabled])) md-elevation{--md-elevation-level: var(--_disabled-container-elevation)}
`,B=n`:host{border-start-start-radius:var(--_container-shape-start-start);border-start-end-radius:var(--_container-shape-start-end);border-end-start-radius:var(--_container-shape-end-start);border-end-end-radius:var(--_container-shape-end-end);box-sizing:border-box;cursor:pointer;display:inline-flex;gap:8px;min-height:var(--_container-height);outline:none;padding-block:calc((var(--_container-height) - max(var(--_label-text-line-height),var(--_icon-size)))/2);padding-inline-start:var(--_leading-space);padding-inline-end:var(--_trailing-space);place-content:center;place-items:center;position:relative;font-family:var(--_label-text-font);font-size:var(--_label-text-size);line-height:var(--_label-text-line-height);font-weight:var(--_label-text-weight);text-overflow:ellipsis;text-wrap:nowrap;user-select:none;-webkit-tap-highlight-color:rgba(0,0,0,0);vertical-align:top;--md-ripple-hover-color: var(--_hover-state-layer-color);--md-ripple-pressed-color: var(--_pressed-state-layer-color);--md-ripple-hover-opacity: var(--_hover-state-layer-opacity);--md-ripple-pressed-opacity: var(--_pressed-state-layer-opacity)}md-focus-ring{--md-focus-ring-shape-start-start: var(--_container-shape-start-start);--md-focus-ring-shape-start-end: var(--_container-shape-start-end);--md-focus-ring-shape-end-end: var(--_container-shape-end-end);--md-focus-ring-shape-end-start: var(--_container-shape-end-start)}:host(:is([disabled],[soft-disabled])){cursor:default;pointer-events:none}.button{border-radius:inherit;cursor:inherit;display:inline-flex;align-items:center;justify-content:center;border:none;outline:none;-webkit-appearance:none;vertical-align:middle;background:rgba(0,0,0,0);text-decoration:none;min-width:calc(64px - var(--_leading-space) - var(--_trailing-space));width:100%;z-index:0;height:100%;font:inherit;color:var(--_label-text-color);padding:0;gap:inherit;text-transform:inherit}.button::-moz-focus-inner{padding:0;border:0}:host(:hover) .button{color:var(--_hover-label-text-color)}:host(:focus-within) .button{color:var(--_focus-label-text-color)}:host(:active) .button{color:var(--_pressed-label-text-color)}.background{background:var(--_container-color);border-radius:inherit;inset:0;position:absolute}.label{overflow:hidden}:is(.button,.label,.label slot),.label ::slotted(*){text-overflow:inherit}:host(:is([disabled],[soft-disabled])) .label{color:var(--_disabled-label-text-color);opacity:var(--_disabled-label-text-opacity)}:host(:is([disabled],[soft-disabled])) .background{background:var(--_disabled-container-color);opacity:var(--_disabled-container-opacity)}@media(forced-colors: active){.background{border:1px solid CanvasText}:host(:is([disabled],[soft-disabled])){--_disabled-icon-color: GrayText;--_disabled-icon-opacity: 1;--_disabled-container-opacity: 1;--_disabled-label-text-color: GrayText;--_disabled-label-text-opacity: 1}}:host([has-icon]:not([trailing-icon])){padding-inline-start:var(--_with-leading-icon-leading-space);padding-inline-end:var(--_with-leading-icon-trailing-space)}:host([has-icon][trailing-icon]){padding-inline-start:var(--_with-trailing-icon-leading-space);padding-inline-end:var(--_with-trailing-icon-trailing-space)}::slotted([slot=icon]){display:inline-flex;position:relative;writing-mode:horizontal-tb;fill:currentColor;flex-shrink:0;color:var(--_icon-color);font-size:var(--_icon-size);inline-size:var(--_icon-size);block-size:var(--_icon-size)}:host(:hover) ::slotted([slot=icon]){color:var(--_hover-icon-color)}:host(:focus-within) ::slotted([slot=icon]){color:var(--_focus-icon-color)}:host(:active) ::slotted([slot=icon]){color:var(--_pressed-icon-color)}:host(:is([disabled],[soft-disabled])) ::slotted([slot=icon]){color:var(--_disabled-icon-color);opacity:var(--_disabled-icon-opacity)}.touch{position:absolute;top:50%;height:max(48px,100%);left:0;right:0;transform:translateY(-50%)}:host([touch-target=wrapper]){margin:max(0px,(48px - var(--_container-height))/2) 0}:host([touch-target=none]) .touch{display:none}
`
/**
 * @license
 * Copyright 2021 Google LLC
 * SPDX-License-Identifier: Apache-2.0
 */;
/**
 * @license
 * Copyright 2026 Google LLC
 * SPDX-License-Identifier: Apache-2.0
 */let H=class extends E{};H.styles=[B,C,j],H=l([s("md-filled-button")],H);const T=e(class extends t{constructor(e){super(),!1!==e&&this.__registerHost(),this.type="button",this.disabled=!1}render(){return a("md-filled-button",{key:"b13ce9547b88f76c5feaef4c59ebd2be835cf232",disabled:this.disabled},a("slot",{key:"f54a16c434a08a076ed0812dd0378d1e663c98bb"}))}static get style(){return".ds-button{display:inline-flex;align-items:center;justify-content:center;padding:0.5rem 1rem;border-radius:4px;border:1px solid var(--border,#ccc);background:var(--bg,#fff);color:var(--fg,#000);font:inherit;cursor:pointer}.ds-button[disabled]{opacity:0.5;cursor:not-allowed}"}},[260,"ds-button",{type:[1],disabled:[4]}]),I=T,L=function(){"undefined"!=typeof customElements&&["ds-button"].forEach((e=>{"ds-button"===e&&(customElements.get(o(e))||customElements.define(o(e),T))}))};export{I as DsButton,L as defineCustomElement}